// Jest Snapshot v1, https://goo.gl/fbAQLP

exports[`render all components should match the snapshot 1`] = `
<Fragment>
  <Connect(Home) />
  <Footer />
</Fragment>
`;
